01-04 11:07:52.485   362   362 I rmt_storage: Shared mem address set to 0xafa51000
01-04 11:07:52.485   362   362 I rmt_storage: wakelock acquired: 1, error no: 42
01-04 11:07:52.485   362   394 I rmt_storage: rmt_storage_client_thread: /boot/modem_fsg: clnt_h=0x3 Unblock worker thread (th_id: -1344485008)
01-04 11:07:52.486   362   394 I rmt_storage: rmt_storage_client_thread: /boot/modem_fsg: clnt_h=0x3: req_h=0x6 msg_id=3: Bytes read = 512
01-04 11:07:52.486   362   394 I rmt_storage: rmt_storage_client_thread: /boot/modem_fsg: clnt_h=0x3: req_h=0x6 msg_id=3: Send response: res=0 err=0
01-04 11:07:52.486   362   394 I rmt_storage: rmt_storage_client_thread: /boot/modem_fsg: clnt_h=0x3 About to block rmt_storage client thread (th_id: -1344485008) wakelock released: 1, error no: 0
01-04 11:07:52.486   362   394 I rmt_storage: 
01-04 11:07:52.488   362   362 I rmt_storage: rmt_storage_rw_iovec_cb: /boot/modem_fs1: clnt_h=0x1: req_h=0x7 msg_id=3: R/W request received
01-04 11:07:52.488   362   362 I rmt_storage: Shared mem address set to 0xafa51000
01-04 11:07:52.488   362   362 I rmt_storage: wakelock acquired: 1, error no: 42
01-04 11:07:52.488   362   392 I rmt_storage: rmt_storage_client_thread: /boot/modem_fs1: clnt_h=0x1 Unblock worker thread (th_id: -1342404240)
01-04 11:07:52.488   362   392 I rmt_storage: rmt_storage_client_thread: /boot/modem_fs1: clnt_h=0x1: req_h=0x7 msg_id=3: Bytes read = 512
01-04 11:07:52.488   362   392 I rmt_storage: rmt_storage_client_thread: /boot/modem_fs1: clnt_h=0x1: req_h=0x7 msg_id=3: Send response: res=0 err=0
01-04 11:07:52.489   362   392 I rmt_storage: rmt_storage_client_thread: /boot/modem_fs1: clnt_h=0x1 About to block rmt_storage client thread (th_id: -1342404240) wakelock released: 1, error no: 0
01-04 11:07:52.489   362   392 I rmt_storage: 
01-04 11:07:52.489   362   362 I rmt_storage: rmt_storage_rw_iovec_cb: /boot/modem_fs2: clnt_h=0x2: req_h=0x8 msg_id=3: R/W request received
01-04 11:07:52.489   362   362 I rmt_storage: Shared mem address set to 0xafa51000
01-04 11:07:52.489   362   362 I rmt_storage: wakelock acquired: 1, error no: 42
01-04 11:07:52.489   362   393 I rmt_storage: rmt_storage_client_thread: /boot/modem_fs2: clnt_h=0x2 Unblock worker thread (th_id: -1343444624)
01-04 11:07:52.490   362   393 I rmt_storage: rmt_storage_client_thread: /boot/modem_fs2: clnt_h=0x2: req_h=0x8 msg_id=3: Bytes read = 512
01-04 11:07:52.490   362   393 I rmt_storage: rmt_storage_client_thread: /boot/modem_fs2: clnt_h=0x2: req_h=0x8 msg_id=3: Send response: res=0 err=0
01-04 11:07:52.490   362   393 I rmt_storage: rmt_storage_client_thread: /boot/modem_fs2: clnt_h=0x2 About to block rmt_storage client thread (th_id: -1343444624) wakelock released: 1, error no: 0
01-04 11:07:52.490   362   393 I rmt_storage: 
01-04 11:07:52.491   362   362 I rmt_storage: rmt_storage_rw_iovec_cb: /boot/modem_fs1: clnt_h=0x1: req_h=0x9 msg_id=3: R/W request received
01-04 11:07:52.491   362   362 I rmt_storage: wakelock acquired: 1, error no: 42
01-04 11:07:52.491   362   392 I rmt_storage: rmt_storage_client_thread: /boot/modem_fs1: clnt_h=0x1 Unblock worker thread (th_id: -1342404240)
01-04 11:07:52.506   362   392 I rmt_storage: rmt_storage_client_thread: /boot/modem_fs1: clnt_h=0x1: req_h=0x9 msg_id=3: Bytes read = 1571840
01-04 11:07:52.506   362   392 I rmt_storage: rmt_storage_client_thread: /boot/modem_fs1: clnt_h=0x1: req_h=0x9 msg_id=3: Send response: res=0 err=0
01-04 11:07:52.506   362   392 I rmt_storage: rmt_storage_client_thread: /boot/modem_fs1: clnt_h=0x1 About to block rmt_storage client thread (th_id: -1342404240) wakelock released: 1, error no: 0
01-04 11:07:52.506   362   392 I rmt_storage: 
01-04 11:07:52.567   294   294 E audio_route: Control 'RX6 MIX1 INP1' doesn't exist - skipping
01-04 11:07:52.567   294   294 E audio_route: Control 'RX5 MIX1 INP2' doesn't exist - skipping
01-04 11:07:52.567   294   294 E audio_route: Control 'RX5 MIX1 INP1' doesn't exist - skipping
01-04 11:07:52.567   294   294 E audio_route: Control 'RX3 MIX1 INP2' doesn't exist - skipping
01-04 11:07:52.567   294   294 E audio_route: Control 'RX2 MIX1 INP2' doesn't exist - skipping
01-04 11:07:52.567   294   294 E audio_route: Control 'SPK_SRC Mux' doesn't exist - skipping
01-04 11:07:52.567   294   294 E audio_route: Control 'AIN Gain' doesn't exist - skipping
01-04 11:07:52.568   294   294 E audio_route: Control 'SLIM TX10 MUX' doesn't exist - skipping
01-04 11:07:52.568   294   294 E audio_route: Control 'SLIM TX9 MUX' doesn't exist - skipping
01-04 11:07:52.568   294   294 E audio_route: Control 'SLIM TX8 MUX' doesn't exist - skipping
01-04 11:07:52.568   294   294 E audio_route: Control 'SLIM TX7 MUX' doesn't exist - skipping
01-04 11:07:52.568   294   294 E audio_route: Control 'SLIM TX6 MUX' doesn't exist - skipping
01-04 11:07:52.568   294   294 E audio_route: Control 'DEC10 MUX' doesn't exist - skipping
01-04 11:07:52.568   294   294 E audio_route: Control 'DEC9 MUX' doesn't exist - skipping
01-04 11:07:52.568   294   294 E audio_route: Control 'DEC8 MUX' doesn't exist - skipping
01-04 11:07:52.568   294   294 E audio_route: Control 'DEC7 MUX' doesn't exist - skipping
01-04 11:07:52.568   294   294 E audio_route: Control 'DEC6 MUX' doesn't exist - skipping
01-04 11:07:52.568   294   294 E audio_route: Control 'DEC5 MUX' doesn't exist - skipping
01-04 11:07:52.568   294   294 E audio_route: unknown enum value string BTSCO_RATE_8KHZ for ctl Internal BTSCO SampleRate
01-04 11:07:52.568   294   294 E audio_route: Control 'INTERNAL_BT_SCO_RX Audio Mixer Multimedia6' doesn't exist - skipping
01-04 11:07:52.569   294   294 E audio_route: Control 'SLIMBUS_0_RX Port Mixer AUX_PCM_TX' doesn't exist - skipping
01-04 11:07:52.569   294   294 E audio_route: unknown enum value string BTSCO_RATE_16KHZ for ctl Internal BTSCO SampleRate
01-04 11:07:52.570   294   294 I chatty  : uid=1041(audioserver) /system/bin/audioserver identical 7 lines
01-04 11:07:52.571   294   294 E audio_route: unknown enum value string BTSCO_RATE_16KHZ for ctl Internal BTSCO SampleRate
01-04 11:07:52.571   294   294 E audio_route: Control 'SLIMBUS_0_RX Port Mixer INTERNAL_BT_SCO_TX' doesn't exist - skipping
01-04 11:07:52.571   294   294 E audio_route: unknown enum value string BTSCO_RATE_16KHZ for ctl Internal BTSCO SampleRate
01-04 11:07:52.573   294   294 E audio_route: Control 'RX5 MIX1 INP1' doesn't exist - skipping
01-04 11:07:52.573   294   294 E audio_route: Control 'AIF1_CAP Mixer SLIM TX7' doesn't exist - skipping
01-04 11:07:52.573   294   294 E audio_route: Control 'SLIM TX7 MUX' doesn't exist - skipping
01-04 11:07:52.573   294   294 E audio_route: Control 'DEC8 MUX' doesn't exist - skipping
01-04 11:07:52.573   294   294 E audio_route: Control 'DEC7 MUX' doesn't exist - skipping
01-04 11:07:52.573   294   294 E audio_route: unknown enum value string DEC8 for ctl IIR1 INP1 MUX
01-04 11:07:52.574   294   294 E audio_route: Control 'IIR2 INP1 MUX' doesn't exist - skipping
01-04 11:07:52.574   294   294 E audio_route: Control 'RX2 MIX1 INP2' doesn't exist - skipping
01-04 11:07:52.574   294   294 E audio_route: Control 'RX7 MIX2 INP1' doesn't exist - skipping
01-04 11:07:52.574   294   294 E audio_route: Control 'RX7 MIX2 INP2' doesn't exist - skipping
01-04 11:07:52.574   294   294 E audio_route: Control 'SLIM RX1 MUX' already exists in path 'speaker-and-dock'
01-04 11:07:52.574   294   294 E audio_route: Control 'RX5 Digital Volume' doesn't exist - skipping
01-04 11:07:52.575   294   294 E audio_route: Control 'DEC8 Volume' doesn't exist - skipping
01-04 11:07:52.575   294   294 E audio_route: Control 'DEC7 Volume' doesn't exist - skipping
01-04 11:07:52.575   294   294 E audio_route: Control 'ADC6 Volume' doesn't exist - skipping
01-04 11:07:52.575   294   294 E audio_route: Control 'IIR2 INP1 Volume' doesn't exist - skipping
01-04 11:07:52.575   294   294 E audio_route: Control 'AIF1_CAP Mixer SLIM TX1' already exists in path 'rec-stereo-mic'
01-04 11:07:52.575   294   294 E audio_route: Control 'DEC6 Volume' doesn't exist - skipping
01-04 11:07:52.576   294   294 E audio_route: Control 'Main Mic Delay' doesn't exist - skipping
01-04 11:07:52.576   294   294 E audio_route: Control 'AIF1_CAP Mixer SLIM TX1' already exists in path 'rec-high-gain-stereo-mic'
01-04 11:07:52.576   294   294 E audio_route: Control 'DEC6 Volume' doesn't exist - skipping
01-04 11:07:52.576   294   294 I chatty  : uid=1041(audioserver) /system/bin/audioserver identical 1 line
01-04 11:07:52.576   294   294 E audio_route: Control 'DEC6 Volume' doesn't exist - skipping
01-04 11:07:52.576   294   294 E audio_route: Control 'AIF1_CAP Mixer SLIM TX1' already exists in path 'bargein1-NS-mic'
01-04 11:07:52.577   294   294 E audio_route: Control 'TX5 HPF cut off' doesn't exist - skipping
01-04 11:07:52.577   294   294 E audio_route: Control 'DEC6 Volume' doesn't exist - skipping
01-04 11:07:52.577   294   294 E audio_route: Control 'DEC6 Volume' doesn't exist - skipping
01-04 11:07:52.577   294   294 E audio_route: Control 'AIF1_CAP Mixer SLIM TX1' already exists in path 'bargein2-NS-mic'
01-04 11:07:52.577   294   294 E audio_route: Control 'TX5 HPF cut off' doesn't exist - skipping
01-04 11:07:52.577   294   294 E audio_route: unknown enum value string POS_3_DB for ctl EAR PA Gain
01-04 11:07:52.578   294   294 E audio_route: Control 'AIF1_CAP Mixer SLIM TX1' already exists in path 'voice-call-NS-mic-handset'
01-04 11:07:52.578   294   294 E audio_route: Control 'DEC6 Volume' doesn't exist - skipping
01-04 11:07:52.578   294   294 E audio_route: Control 'TX5 HPF cut off' doesn't exist - skipping
01-04 11:07:52.578   294   294 E audio_route: Control 'AIF1_CAP Mixer SLIM TX1' already exists in path 'voice-call-NS-mic-speaker'
01-04 11:07:52.579   294   294 E audio_route: unknown enum value string POS_3_DB for ctl EAR PA Gain
01-04 11:07:52.579   294   294 E audio_route: Control 'DEC6 Volume' doesn't exist - skipping
01-04 11:07:52.580   294   294 E audio_route: Control 'AIF1_CAP Mixer SLIM TX1' already exists in path 'video-call-NS-mic-handset'
01-04 11:07:52.580   294   294 E audio_route: Control 'DEC6 Volume' doesn't exist - skipping
01-04 11:07:52.580   294   294 E audio_route: Control 'TX5 HPF cut off' doesn't exist - skipping
01-04 11:07:52.580   294   294 E audio_route: Control 'AIF1_CAP Mixer SLIM TX1' already exists in path 'video-call-NS-mic-speaker'
01-04 11:07:52.580   294   294 E audio_route: unknown enum value string POS_3_DB for ctl EAR PA Gain
01-04 11:07:52.580   294   294 E audio_route: unknown enum value string POS_3_DB for ctl EAR PA Gain
01-04 11:07:52.580   294   294 E audio_route: Control 'DEC6 Volume' doesn't exist - skipping
01-04 11:07:52.581   294   294 E audio_route: Control 'DEC6 Volume' doesn't exist - skipping
01-04 11:07:52.581   294   294 E audio_route: Control 'DEC5 Volume' doesn't exist - skipping
01-04 11:07:52.581   294   294 E audio_route: Control 'AIF1_CAP Mixer SLIM TX1' already exists in path 'VoLTE-voice-NS-mic-handset'
01-04 11:07:52.581   294   294 E audio_route: Control 'DEC6 Volume' doesn't exist - skipping
01-04 11:07:52.581   294   294 E audio_route: Control 'TX5 HPF cut off' doesn't exist - skipping
01-04 11:07:52.581   294   294 E audio_route: Control 'AIF1_CAP Mixer SLIM TX1' already exists in path 'VoLTE-voice-NS-mic-speaker'
01-04 11:07:52.581   294   294 E audio_route: unknown enum value string POS_3_DB for ctl EAR PA Gain
01-04 11:07:52.581   294   294 E audio_route: unknown enum value string POS_3_DB for ctl EAR PA Gain
01-04 11:07:52.582   294   294 E audio_route: Control 'DEC6 Volume' doesn't exist - skipping
01-04 11:07:52.582   294   294 E audio_route: Control 'DEC6 Volume' doesn't exist - skipping
01-04 11:07:52.582   294   294 E audio_route: Control 'DEC5 Volume' doesn't exist - skipping
01-04 11:07:52.582   294   294 E audio_route: Control 'AIF1_CAP Mixer SLIM TX1' already exists in path 'VoLTE-video-NS-mic-handset'
01-04 11:07:52.582   294   294 E audio_route: Control 'DEC6 Volume' doesn't exist - skipping
01-04 11:07:52.582   294   294 E audio_route: Control 'TX5 HPF cut off' doesn't exist - skipping
01-04 11:07:52.582   294   294 E audio_route: Control 'AIF1_CAP Mixer SLIM TX1' already exists in path 'VoLTE-video-NS-mic-speaker'
01-04 11:07:52.583   294   294 E audio_route: unknown enum value string POS_3_DB for ctl EAR PA Gain
01-04 11:07:52.584   294   294 E audio_route: unknown enum value string POS_3_DB for ctl EAR PA Gain
01-04 11:07:52.584   294   294 E audio_route: Control 'TX5 HPF cut off' doesn't exist - skipping
01-04 11:07:52.585   294   294 E audio_route: Control 'DEC6 Volume' doesn't exist - skipping
01-04 11:07:52.585   294   294 E audio_route: Control 'DEC5 Volume' doesn't exist - skipping
01-04 11:07:52.585   294   294 E audio_route: Control 'TX5 HPF cut off' doesn't exist - skipping
01-04 11:07:52.585   294   294 E audio_route: Control 'DEC6 Volume' doesn't exist - skipping
01-04 11:07:52.585   294   294 E audio_route: Control 'TX5 HPF cut off' doesn't exist - skipping
01-04 11:07:52.585   294   294 E audio_route: Control 'DEC6 Volume' doesn't exist - skipping
01-04 11:07:52.585   294   294 E audio_route: Control 'DEC5 Volume' doesn't exist - skipping
01-04 11:07:52.586   294   294 E audio_route: Control 'DEC6 Volume' doesn't exist - skipping
01-04 11:07:52.587   294   294 E audio_route: unknown enum value string POS_3_DB for ctl EAR PA Gain
01-04 11:07:52.588   294   294 E audio_route: Control 'DEC6 Volume' doesn't exist - skipping
01-04 11:07:52.589   294   294 E audio_route: Control 'DEC6 Volume' doesn't exist - skipping
01-04 11:07:52.591   294   294 D msm8974_platform: platform_init: Opened sound card:0
01-04 11:07:52.606   313   313 E qdutils : Failed to open msm_fb_panel_info node
01-04 11:07:52.607   294   294 D ACDB-LOADER: ACDB -> ACDB_CMD_INITIALIZE_V2
01-04 11:07:52.608   313   313 E qdutils : getHDMINode: Failed to open fb node 2
01-04 11:07:52.608   313   313 E qdutils : getHDMINode: Failed to find HDMI node
01-04 11:07:52.608   313   313 E qdutils : init:not able to open /sys/devices/virtual/graphics/fb0/idle_time node Permission denied
01-04 11:07:52.610   313   313 I qdhwcomposer: Initializing Qualcomm Hardware Composer
01-04 11:07:52.610   313   313 I qdhwcomposer: MDP version: 500
01-04 11:07:52.610   313   313 I HWC2On1Adapter: Found support for HWC virtual displays
01-04 11:07:52.610   313   313 E qdutils : getHDMINode: Failed to open fb node 2
01-04 11:07:52.610   313   313 E qdutils : getHDMINode: Failed to find HDMI node
01-04 11:07:52.610   313   313 E qdutils : getHDMINode: Failed to open fb node 2
01-04 11:07:52.610   313   313 E qdutils : getHDMINode: Failed to find HDMI node
01-04 11:07:52.610   313   313 D qdhwcomposer: hwc_getDisplayAttributes disp = 0, width = 720
01-04 11:07:52.610   313   313 D qdhwcomposer: hwc_getDisplayAttributes disp = 0, height = 1280
01-04 11:07:52.611   313   313 E qdutils : getHDMINode: Failed to open fb node 2
01-04 11:07:52.611   313   313 E qdutils : getHDMINode: Failed to find HDMI node
01-04 11:07:52.611   313   313 E HWC2On1Adapter: Setting active config to 0 for HWC1 config 0
01-04 11:07:52.611   313   313 I qdhwcomposer: hwc_registerProcs
01-04 11:07:52.611   313   313 I qdhwcomposer: Initializing UEVENT Thread
01-04 11:07:52.611   313   313 I qdhwcomposer: Initializing VSYNC Thread
01-04 11:07:52.612   313   398 I qdhwcomposer: vsync_loop: Reading event 0 for dpy 0 from /sys/class/graphics/fb0/vsync_event
01-04 11:07:52.612   313   398 I qdhwcomposer: vsync_loop: Reading event 1 for dpy 0 from /sys/class/graphics/fb0/show_blank_event
01-04 11:07:52.612   313   398 I qdhwcomposer: vsync_loop: Reading event 0 for dpy 1 from /sys/class/graphics/fb-1/vsync_event
01-04 11:07:52.613   313   398 I qdhwcomposer: vsync_loop: Reading event 1 for dpy 1 from /sys/class/graphics/fb-1/show_blank_event
01-04 11:07:52.614   313   313 D vndksupport: Loading /vendor/lib/hw/android.hardware.graphics.mapper@2.0-impl.so from current namespace instead of sphal namespace.
01-04 11:07:52.624   313   313 D vndksupport: Loading /vendor/lib/hw/gralloc.msm8226.so from current namespace instead of sphal namespace.
01-04 11:07:52.625   294   294 D ACDB-LOADER: ACDB -> ACPH INIT
01-04 11:07:52.625   294   294 D         : [ACPH]->Online service registered with ACPH
01-04 11:07:52.627   294   294 D         : [ACPH]->ACPH init success
01-04 11:07:52.627   294   294 D ACDB-LOADER: ACDB -> RTAC INIT
01-04 11:07:52.627   294   294 D         : [ACPH]->DSP RTC service registered with ACPH
01-04 11:07:52.627   294   294 D ACDB-LOADER: ACDB -> ADIE RTAC INIT
01-04 11:07:52.627   294   294 D         : [ACPH]->ADIE RTC service registered with ACPH
01-04 11:07:52.627   294   294 D ACDB-LOADER: No existing ION info in ACDB driver
01-04 11:07:52.627   294   294 D ACDB-LOADER: ACDB -> ION_IOC_ALLOC
01-04 11:07:52.627   313   313 E HWComposer: getSupportedPerFrameMetadata: getSupportedPerFrameMetadata failed for display 0: Unsupported (8)
01-04 11:07:52.627   294   294 D ACDB-LOADER: ACDB -> ION_IOC_SHARE
01-04 11:07:52.627   294   294 D ACDB-LOADER: ACDB -> MMAP ADDR
01-04 11:07:52.627   294   294 D ACDB-LOADER: ACDB -> register MEM to ACDB driver: 0xb2783000
01-04 11:07:52.627   313   313 W Adreno-EGL: <qeglDrvAPI_eglGetConfigAttrib:607>: EGL_BAD_ATTRIBUTE
01-04 11:07:52.628   313   313 D vndksupport: Loading /vendor/lib/hw/gralloc.msm8226.so from current namespace instead of sphal namespace.
01-04 11:07:52.631   313   313 D vndksupport: Loading /vendor/lib/hw/android.hardware.graphics.mapper@2.0-impl.so from current namespace instead of sphal namespace.
01-04 11:07:52.631   313   313 D vndksupport: Loading /vendor/lib/hw/gralloc.msm8226.so from current namespace instead of sphal namespace.
01-04 11:07:52.635   313   313 I Gralloc2: Adding additional valid usage bits: 0x2202000
01-04 11:07:52.637   294   294 D ACDB-LOADER: ACDB -> send_asm_topology
01-04 11:07:52.637   294   294 D ACDB-LOADER: ACDB -> ACDB_CMD_GET_AUDPROC_STREAM_TOPOLOGY_ID
01-04 11:07:52.637   294   294 D ACDB-LOADER: ACDB -> send_adm_custom_topology
01-04 11:07:52.637   294   294 D ACDB-LOADER: ACDB -> ACDB_CMD_GET_AUDIO_COPP_TOPOLOGIES
01-04 11:07:52.637   294   294 D ACDB-LOADER: ACDB -> AUDIO_SET_ADM_CUSTOM_TOPOLOGY
01-04 11:07:52.637   294   294 D ACDB-LOADER: ACDB -> send_asm_custom_topology
01-04 11:07:52.637   294   294 D ACDB-LOADER: ACDB -> ACDB_CMD_GET_AUDIO_POPP_TOPOLOGIES
01-04 11:07:52.637   294   294 D         : ACDBFILE_MGR: Property for the pid 00012E48 not found
01-04 11:07:52.638   294   294 D         : ACDB_COMMAND: Failed to fetch the property info for pid 00012E48 
01-04 11:07:52.638   294   294 E ACDB-LOADER: Error: ACDB get asm topologies returned = -18
01-04 11:07:52.638   294   294 D ACDB-LOADER: ACDB -> AUDIO_SET_ASM_CUSTOM_TOPOLOGY
01-04 11:07:52.638   294   294 D ACDB-LOADER: send mbhc data
01-04 11:07:52.646   294   294 D ACDB-LOADER: ACDB -> ACDB_CMD_GET_ANC_SETTING
01-04 11:07:52.646   294   294 I chatty  : uid=1041(audioserver) /system/bin/audioserver identical 5 lines
01-04 11:07:52.646   294   294 D ACDB-LOADER: ACDB -> ACDB_CMD_GET_ANC_SETTING
01-04 11:07:52.646   294   294 D ACDB-LOADER: ACDB -> init done!
01-04 11:07:52.648   294   294 E msm8974_platform: find_index: Could not find index for name = SND_DEVICE_IN_VOICE_REC_HEADSET_MIC
01-04 11:07:52.648   294   294 E platform_info: process_device_name: Device SND_DEVICE_IN_VOICE_REC_HEADSET_MIC in /vendor/etc/audio_platform_info.xml not found, no alias set!
01-04 11:07:52.652   294   294 E audio_hw_primary: Amplifier initialization failed
01-04 11:07:52.653   294   294 D audio_hw_primary: select_devices: out_snd_device(2: speaker) in_snd_device(0: )
01-04 11:07:52.653   294   294 W msm8974_platform: Codec backend bitwidth 16, samplerate 48000
01-04 11:07:52.653   294   294 D hardware_info: hw_info_append_hw_type : device_name = speaker
01-04 11:07:52.653   294   294 I msm8974_platform: platform_send_audio_calibration: sending audio calibration for snd_device(2) acdb_id(15)
01-04 11:07:52.653   294   294 D ACDB-LOADER: ACDB -> send_audio_cal, acdb_id = 15, path =  0
01-04 11:07:52.653   294   294 D ACDB-LOADER: ACDB -> send_adm_topology
01-04 11:07:52.653   294   294 D ACDB-LOADER: ACDB -> ACDB_CMD_GET_AUDPROC_COMMON_TOPOLOGY_ID
01-04 11:07:52.653   294   294 D ACDB-LOADER: ACDB -> send_audtable
01-04 11:07:52.653   294   294 D ACDB-LOADER: ACDB -> ACDB_CMD_GET_AUDPROC_COMMON_TABLE
01-04 11:07:52.653   294   294 D ACDB-LOADER: ACDB -> AUDIO_SET_AUDPROC_CAL
01-04 11:07:52.653   294   294 D ACDB-LOADER: ACDB -> send_audvoltable
01-04 11:07:52.653   294   294 D ACDB-LOADER: ACDB -> ACDB_CMD_GET_AUDPROC_GAIN_DEP_STEP_TABLE
01-04 11:07:52.653   294   294 D ACDB-LOADER: ACDB -> AUDIO_SET_AUDPROC_VOL_CAL
01-04 11:07:52.653   294   294 D ACDB-LOADER: ACDB -> send_afe_cal
01-04 11:07:52.653   294   294 D ACDB-LOADER: ACDB -> ACDB_CMD_GET_AFE_COMMON_TABLE
01-04 11:07:52.653   294   294 D ACDB-LOADER: ACDB -> AUDIO_SET_AFE_CAL
01-04 11:07:52.653   294   294 D audio_route: Apply path: speaker
01-04 11:07:52.657   294   294 D audio_route: Apply path: deep-buffer-playback
01-04 11:07:52.657   294   294 D audio_hw_primary: select_devices: done
01-04 11:07:52.665   294   294 D hardware_info: hw_info_append_hw_type : device_name = speaker
01-04 11:07:52.668   294   294 D audio_hw_primary: select_devices: out_snd_device(2: speaker) in_snd_device(0: )
01-04 11:07:52.668   294   294 W msm8974_platform: Codec backend bitwidth 16, samplerate 48000
01-04 11:07:52.668   294   294 D hardware_info: hw_info_append_hw_type : device_name = speaker
01-04 11:07:52.668   294   294 I msm8974_platform: platform_send_audio_calibration: sending audio calibration for snd_device(2) acdb_id(15)
01-04 11:07:52.668   294   294 D ACDB-LOADER: ACDB -> send_audio_cal, acdb_id = 15, path =  0
01-04 11:07:52.668   294   294 D ACDB-LOADER: ACDB -> send_adm_topology
01-04 11:07:52.668   294   294 D ACDB-LOADER: ACDB -> ACDB_CMD_GET_AUDPROC_COMMON_TOPOLOGY_ID
01-04 11:07:52.668   294   294 D ACDB-LOADER: ACDB -> send_audtable
01-04 11:07:52.668   294   294 D ACDB-LOADER: ACDB -> ACDB_CMD_GET_AUDPROC_COMMON_TABLE
01-04 11:07:52.668   294   294 D ACDB-LOADER: ACDB -> AUDIO_SET_AUDPROC_CAL
01-04 11:07:52.668   294   294 D ACDB-LOADER: ACDB -> send_audvoltable
01-04 11:07:52.668   294   294 D ACDB-LOADER: ACDB -> ACDB_CMD_GET_AUDPROC_GAIN_DEP_STEP_TABLE
01-04 11:07:52.668   294   294 D ACDB-LOADER: ACDB -> AUDIO_SET_AUDPROC_VOL_CAL
01-04 11:07:52.668   294   294 D ACDB-LOADER: ACDB -> send_afe_cal
01-04 11:07:52.668   294   294 D ACDB-LOADER: ACDB -> ACDB_CMD_GET_AFE_COMMON_TABLE
01-04 11:07:52.668   294   294 D ACDB-LOADER: ACDB -> AUDIO_SET_AFE_CAL
01-04 11:07:52.668   294   294 D audio_route: Apply path: speaker
01-04 11:07:52.671   294   294 D audio_route: Apply path: low-latency-playback
01-04 11:07:52.671   294   294 D audio_hw_primary: select_devices: done
01-04 11:07:52.678   294   294 D hardware_info: hw_info_append_hw_type : device_name = speaker
01-04 11:07:52.681   294   294 D audio_hw_primary: select_devices: out_snd_device(0: ) in_snd_device(35: rec-main-mic)
01-04 11:07:52.681   294   294 D hardware_info: hw_info_append_hw_type : device_name = rec-main-mic
01-04 11:07:52.681   294   294 I msm8974_platform: platform_send_audio_calibration: sending audio calibration for snd_device(35) acdb_id(4)
01-04 11:07:52.681   294   294 D ACDB-LOADER: ACDB -> send_audio_cal, acdb_id = 4, path =  1
01-04 11:07:52.681   294   294 D ACDB-LOADER: ACDB -> send_adm_topology
01-04 11:07:52.681   294   294 D ACDB-LOADER: ACDB -> ACDB_CMD_GET_AUDPROC_COMMON_TOPOLOGY_ID
01-04 11:07:52.681   294   294 D ACDB-LOADER: ACDB -> send_audtable
01-04 11:07:52.681   294   294 D ACDB-LOADER: ACDB -> ACDB_CMD_GET_AUDPROC_COMMON_TABLE
01-04 11:07:52.681   294   294 D ACDB-LOADER: ACDB -> AUDIO_SET_AUDPROC_CAL
01-04 11:07:52.681   294   294 D ACDB-LOADER: ACDB -> send_audvoltable
01-04 11:07:52.681   294   294 D ACDB-LOADER: ACDB -> ACDB_CMD_GET_AUDPROC_GAIN_DEP_STEP_TABLE
01-04 11:07:52.681   294   294 D         : Failed to fetch the lookup information of the device 00000004 
01-04 11:07:52.681   294   294 E ACDB-LOADER: Error: ACDB AudProc vol returned = -19
01-04 11:07:52.681   294   294 D ACDB-LOADER: ACDB -> AUDIO_SET_AUDPROC_VOL_CAL
01-04 11:07:52.681   294   294 D ACDB-LOADER: ACDB -> AUDIO_SET_AFE_CAL
01-04 11:07:52.681   294   294 D audio_route: Apply path: rec-main-mic
01-04 11:07:52.685   294   294 D audio_route: Apply path: audio-record
01-04 11:07:52.686   294   294 D audio_hw_primary: select_devices: done
01-04 11:07:52.693   294   294 D hardware_info: hw_info_append_hw_type : device_name = rec-main-mic
01-04 11:07:52.696   294   294 D audio_hw_primary: select_devices: out_snd_device(0: ) in_snd_device(35: rec-main-mic)
01-04 11:07:52.696   294   294 D hardware_info: hw_info_append_hw_type : device_name = rec-main-mic
01-04 11:07:52.697   294   294 I msm8974_platform: platform_send_audio_calibration: sending audio calibration for snd_device(35) acdb_id(4)
01-04 11:07:52.697   294   294 D ACDB-LOADER: ACDB -> send_audio_cal, acdb_id = 4, path =  1
01-04 11:07:52.697   294   294 D ACDB-LOADER: ACDB -> send_adm_topology
01-04 11:07:52.697   294   294 D ACDB-LOADER: ACDB -> ACDB_CMD_GET_AUDPROC_COMMON_TOPOLOGY_ID
01-04 11:07:52.697   294   294 D ACDB-LOADER: ACDB -> send_audtable
01-04 11:07:52.697   294   294 D ACDB-LOADER: ACDB -> ACDB_CMD_GET_AUDPROC_COMMON_TABLE
01-04 11:07:52.697   294   294 D ACDB-LOADER: ACDB -> AUDIO_SET_AUDPROC_CAL
01-04 11:07:52.697   294   294 D ACDB-LOADER: ACDB -> send_audvoltable
01-04 11:07:52.697   294   294 D ACDB-LOADER: ACDB -> ACDB_CMD_GET_AUDPROC_GAIN_DEP_STEP_TABLE
01-04 11:07:52.697   294   294 D         : Failed to fetch the lookup information of the device 00000004 
01-04 11:07:52.697   294   294 E ACDB-LOADER: Error: ACDB AudProc vol returned = -19
01-04 11:07:52.697   294   294 D ACDB-LOADER: ACDB -> AUDIO_SET_AUDPROC_VOL_CAL
01-04 11:07:52.697   294   294 D ACDB-LOADER: ACDB -> AUDIO_SET_AFE_CAL
01-04 11:07:52.697   294   294 D audio_route: Apply path: rec-main-mic
01-04 11:07:52.700   294   294 D audio_route: Apply path: low-latency-record
01-04 11:07:52.701   294   294 D audio_hw_primary: select_devices: done
01-04 11:07:52.708   294   294 D hardware_info: hw_info_append_hw_type : device_name = rec-main-mic
01-04 11:07:52.710   294   294 W DeviceHAL: Error from HAL Device in function get_master_volume: Function not implemented
01-04 11:07:52.710   294   294 W DeviceHAL: Error from HAL Device in function get_master_mute: Function not implemented
01-04 11:07:52.710   294   294 W DeviceHAL: Error from HAL Device in function set_master_volume: Function not implemented
01-04 11:07:52.710   294   294 W DeviceHAL: Error from HAL Device in function set_master_mute: Function not implemented
01-04 11:07:52.710   294   294 I AudioFlinger: loadHwModule() Loaded primary audio interface, handle 10
01-04 11:07:52.710   294   294 I AudioFlinger: openOutput() this 0xb333c000, module 10 Device 0x2, SamplingRate 48000, Format 0x000001, Channels 0x3, flags 0x2
01-04 11:07:52.710   294   294 D audio_hw_primary: adev_open_output_stream: enter: sample_rate(48000) channel_mask(0x3) devices(0x2) flags(0x2)        stream_handle(0xb2776000)
01-04 11:07:52.710   294   294 D audio_hw_primary: adev_open_output_stream: Stream (0xb2776000) picks up usecase (deep-buffer-playback)
01-04 11:07:52.711   294   294 I AudioFlinger: HAL output buffer size 1920 frames, normal sink buffer size 1920 frames
01-04 11:07:52.712   237   237 W hwservicemanager: getTransport: Cannot find entry android.hardware.audio.effect@4.0::IEffectsFactory/default in either framework or device manifest.
01-04 11:07:52.715   294   294 D vndksupport: Loading /vendor/lib/hw/android.hardware.audio.effect@2.0-impl.so from current namespace instead of sphal namespace.
01-04 11:07:52.719   294   294 D vndksupport: Loading /vendor/lib/hw/android.hardware.audio.effect@2.0-impl.so from current namespace instead of sphal namespace.
01-04 11:07:52.720   294   294 E EffectsConfig: Could not parse effect configuration in any of the default locations.
01-04 11:07:52.720   294   294 E EffectsFactoryConfigLoader: Failed to parse XML configuration file
01-04 11:07:52.720   294   294 W EffectsFactory: Failed to load XML effect configuration, fallback to .conf
01-04 11:07:52.732   294   294 I BufferProvider: found effect "Multichannel Downmix To Stereo" from The Android Open Source Project
01-04 11:07:52.733   294   294 I AudioFlinger: Using module 10 as the primary audio interface
01-04 11:07:52.733   294   405 I AudioFlinger: AudioFlinger's thread 0xb2483400 tid=405 ready to run
01-04 11:07:52.733   294   405 W AudioFlinger: no wake lock to update, system not ready yet
01-04 11:07:52.733   294   405 D audio_hw_primary: out_standby: enter: stream (0xb2776000) usecase(0: deep-buffer-playback)
01-04 11:07:52.733   294   405 W AudioFlinger: no wake lock to update, system not ready yet
01-04 11:07:52.734   294   294 W AudioFlinger: moveEffects() bad srcOutput 0
01-04 11:07:52.734   294   405 D audio_hw_primary: out_set_parameters: enter: usecase(0: deep-buffer-playback) kvpairs: routing=2
01-04 11:07:52.735   294   294 I AudioFlinger: openOutput() this 0xb333c000, module 10 Device 0x2, SamplingRate 48000, Format 0x000001, Channels 0x3, flags 0x4
01-04 11:07:52.735   294   294 D audio_hw_primary: adev_open_output_stream: enter: sample_rate(48000) channel_mask(0x3) devices(0x2) flags(0x4)        stream_handle(0xb2776180)
01-04 11:07:52.735   294   294 D audio_hw_primary: adev_open_output_stream: Stream (0xb2776180) picks up usecase (low-latency-playback)
01-04 11:07:52.735   294   294 I AudioFlinger: HAL output buffer size 240 frames, normal sink buffer size 960 frames
01-04 11:07:52.736   294   407 I AudioFlinger: AudioFlinger's thread 0xb2183740 tid=407 ready to run
01-04 11:07:52.736   294   407 W AudioFlinger: no wake lock to update, system not ready yet
01-04 11:07:52.736   294   407 D audio_hw_primary: out_standby: enter: stream (0xb2776180) usecase(1: low-latency-playback)
01-04 11:07:52.736   294   407 W AudioFlinger: no wake lock to update, system not ready yet
01-04 11:07:52.737   294   407 D audio_hw_primary: out_set_parameters: enter: usecase(1: low-latency-playback) kvpairs: routing=2
01-04 11:07:52.738   294   294 I AudioFlinger: openOutput() this 0xb333c000, module 10 Device 0x10000, SamplingRate 48000, Format 0x000001, Channels 0x3, flags 0
01-04 11:07:52.738   294   294 D audio_hw_primary: adev_open_output_stream: enter: sample_rate(48000) channel_mask(0x3) devices(0x10000) flags(0)        stream_handle(0xb2776300)
01-04 11:07:52.738   294   294 D audio_hw_primary: adev_open_output_stream: Stream (0xb2776300) picks up usecase (afe-proxy-playback)
01-04 11:07:52.738   294   294 I AudioFlinger: HAL output buffer size 768 frames, normal sink buffer size 1152 frames
01-04 11:07:52.739   294   409 I AudioFlinger: AudioFlinger's thread 0xb1e83140 tid=409 ready to run
01-04 11:07:52.739   294   409 W AudioFlinger: no wake lock to update, system not ready yet
01-04 11:07:52.739   294   409 D audio_hw_primary: out_standby: enter: stream (0xb2776300) usecase(29: afe-proxy-playback)
01-04 11:07:52.739   294   409 W AudioFlinger: no wake lock to update, system not ready yet
01-04 11:07:52.740   294   409 D audio_hw_primary: out_set_parameters: enter: usecase(29: afe-proxy-playback) kvpairs: routing=65536
01-04 11:07:52.740   294   294 D audio_hw_primary: adev_open_input_stream: enter: sample_rate(48000) channel_mask(0x17000c) devices(0x80000004)        stream_handle(0xb3334620) io_handle(14) source(1)
01-04 11:07:52.740   294   294 W audio_hw_primary: adev_open_input_stream: surround sound recording is not supported
01-04 11:07:52.741   294   294 E AudioFlinger: not enough memory for pipe buffer size=49152; roHeap=0xb3367b90, pipeMemory=0x0, pipeBuffer=0x0; roHeapSize: 16384
01-04 11:07:52.741   294   410 I AudioFlinger: AudioFlinger's thread 0xb1b83080 tid=410 ready to run
01-04 11:07:52.742   294   294 D audio_hw_primary: adev_close_input_stream: enter:stream_handle(0xb3334620)
01-04 11:07:52.742   294   294 D audio_hw_primary: in_standby: enter: stream (0xb3334620) usecase(9: audio-record)
01-04 11:07:52.742   294   294 D audio_hw_primary: adev_open_input_stream: enter: sample_rate(48000) channel_mask(0xc) devices(0x80000040)        stream_handle(0xb3334620) io_handle(22) source(1)
01-04 11:07:52.742   294   294 W DeviceHAL: Error from HAL Device in function open_input_stream: Invalid argument
01-04 11:07:52.742   294   294 D audio_hw_primary: adev_open_input_stream: enter: sample_rate(48000) channel_mask(0xc) devices(0x80000040)        stream_handle(0xb3334620) io_handle(22) source(1)
01-04 11:07:52.742   294   294 W DeviceHAL: Error from HAL Device in function open_input_stream: Invalid argument
01-04 11:07:52.742   294   294 W APM_AudioPolicyManager: Cannot open input stream for device 80000040 on hw module primary
01-04 11:07:52.762   294   294 I bt_a2dp_hw: adev_open:  adev_open in A2dp_hw module
01-04 11:07:52.762   294   294 I AudioFlinger: loadHwModule() Loaded a2dp audio interface, handle 18
01-04 11:07:52.762   294   294 D vndksupport: Loading /vendor/lib/hw/audio.usb.default.so from current namespace instead of sphal namespace.
01-04 11:07:52.766   294   294 I AudioFlinger: loadHwModule() Loaded usb audio interface, handle 26
01-04 11:07:52.767   294   294 D vndksupport: Loading /vendor/lib/hw/audio.r_submix.default.so from current namespace instead of sphal namespace.
01-04 11:07:52.770   294   294 I r_submix: adev_open(name=audio_hw_if)
01-04 11:07:52.770   294   294 I r_submix: adev_init_check()
01-04 11:07:52.770   294   294 W DeviceHAL: Error from HAL Device in function set_master_mute: Function not implemented
01-04 11:07:52.770   294   294 I AudioFlinger: loadHwModule() Loaded r_submix audio interface, handle 34
01-04 11:07:52.770   294   294 D r_submix: adev_open_input_stream(addr=0)
01-04 11:07:52.770   294   294 D r_submix: submix_audio_device_create_pipe_l(addr=0, idx=9)
01-04 11:07:52.770   294   294 D r_submix:   now using address 0 for route 9
01-04 11:07:52.771   294   411 I AudioFlinger: AudioFlinger's thread 0xb1b83540 tid=411 ready to run
01-04 11:07:52.772   294   294 D r_submix: adev_close_input_stream()
01-04 11:07:52.772   294   294 D r_submix: submix_audio_device_release_pipe_l(idx=9) addr=0
01-04 11:07:52.772   294   294 D r_submix: submix_audio_device_destroy_pipe_l(): pipe destroyed
01-04 11:07:52.772   294   294 E EffectsConfig: Could not parse effect configuration in any of the default locations.
01-04 11:07:52.772   294   294 W AudioPolicyEffects: Failed to load XML effect configuration, fallback to .conf
01-04 11:07:52.773   294   294 I         : Waiting for activity service
01-04 11:07:52.969   362   362 I rmt_storage: rmt_storage_connect_cb: clnt_h=0x5 conn_h=0xb000c050
01-04 11:07:52.969   362   362 I rmt_storage: rmt_storage_rw_iovec_cb: /boot/modem_fs2: clnt_h=0x2: req_h=0xa msg_id=3: R/W request received
01-04 11:07:52.969   362   362 I rmt_storage: wakelock acquired: 1, error no: 42
01-04 11:07:52.969   362   393 I rmt_storage: rmt_storage_client_thread: /boot/modem_fs2: clnt_h=0x2 Unblock worker thread (th_id: -1343444624)
01-04 11:07:53.003   313   313 D SurfaceFlinger: shader cache generated - 24 shaders in 343.311249 ms
01-04 11:07:53.008   313   313 D SurfaceFlinger: Set power mode=2, type=0 flinger=0xb0b36000
01-04 11:07:53.008   313   313 D qdhwcomposer: hwc_setPowerMode: Setting mode 2 on display: 0
01-04 11:07:53.008   313   313 D qdhwcomposer: hwc_setPowerMode: Done setting mode 2 on display 0
01-04 11:07:53.008   313   398 I qdhwcomposer: handle_blank_event: dpy:0 panel power state: 1
01-04 11:07:53.008   313   313 D SurfaceFlinger: Finished set power mode=2, type=0
01-04 11:07:53.039   393   393 I rmt_storage: type=1400 audit(0.0:176): avc: denied { write } for scontext=u:r:init:s0 tcontext=u:r:init:s0 tclass=socket permissive=1
01-04 11:07:53.039   393   393 W rmt_storage: type=1300 audit(0.0:176): arch=40000028 syscall=290 per=800008 success=yes exit=14 a0=d a1=b0010020 a2=e a3=0 items=0 ppid=1 auid=4294967295 uid=9999 gid=3004 euid=9999 suid=9999 fsuid=9999 egid=3004 sgid=3004 fsgid=3004 tty=(none) ses=4294967295 exe="/system/bin/rmt_storage" subj=u:r:init:s0 key=(null)
01-04 11:07:53.039   236   236 W auditd  : type=1306 audit(0.0:176): saddr=1B0000B0020108B00000000012000000500608B0
01-04 11:07:53.039   236   236 W auditd  : type=1320 audit(0.0:176): 
01-04 11:07:53.042   362   393 I rmt_storage: rmt_storage_client_thread: /boot/modem_fs2: clnt_h=0x2: req_h=0xa msg_id=3: Bytes written = 1572864
01-04 11:07:53.042   362   393 I rmt_storage: rmt_storage_client_thread: /boot/modem_fs2: clnt_h=0x2: req_h=0xa msg_id=3: Send response: res=0 err=0
01-04 11:07:53.043   362   393 I rmt_storage: rmt_storage_client_thread: /boot/modem_fs2: clnt_h=0x2 About to block rmt_storage client thread (th_id: -1343444624) wakelock released: 1, error no: 0
01-04 11:07:53.043   362   393 I rmt_storage: 
01-04 11:07:53.043   362   362 I rmt_storage: rmt_storage_disconnect_cb: clnt_h=0x0x5 conn_h=0x0xb000c050
01-04 11:07:53.049   416   416 I init    : type=1400 audit(0.0:177): avc: denied { execute_no_trans } for path="/system/bin/sh" dev="mmcblk0p23" ino=2879 scontext=u:r:init:s0 tcontext=u:object_r:shell_exec:s0 tclass=file permissive=1
01-04 11:07:53.638   414   423 D vndksupport: Loading /vendor/lib/egl/libEGL_adreno.so from current namespace instead of sphal namespace.
01-04 11:07:53.641   414   423 D libEGL  : loaded /vendor/lib/egl/libEGL_adreno.so
01-04 11:07:53.642   414   423 D vndksupport: Loading /vendor/lib/egl/libGLESv1_CM_adreno.so from current namespace instead of sphal namespace.
01-04 11:07:53.643   414   423 D libEGL  : loaded /vendor/lib/egl/libGLESv1_CM_adreno.so
01-04 11:07:53.676   414   423 D vndksupport: Loading /vendor/lib/egl/libGLESv2_adreno.so from current namespace instead of sphal namespace.
01-04 11:07:53.686   414   423 D libEGL  : loaded /vendor/lib/egl/libGLESv2_adreno.so
01-04 11:07:53.723   414   423 I Adreno-EGL: <qeglDrvAPI_eglInitialize:379>: QUALCOMM Build: 10/09/15, 6cbbf7d, I3193f6e94a
01-04 11:07:53.728   414   423 I ConfigStore: android::hardware::configstore::V1_0::ISurfaceFlingerConfigs::hasWideColorDisplay retrieved: 0
01-04 11:07:53.728   414   423 I ConfigStore: android::hardware::configstore::V1_0::ISurfaceFlingerConfigs::hasHDRDisplay retrieved: 0
01-04 11:07:53.729   414   423 W Adreno-EGL: <qeglDrvAPI_eglGetConfigAttrib:607>: EGL_BAD_ATTRIBUTE
01-04 11:07:53.730   414   423 D vndksupport: Loading /vendor/lib/hw/gralloc.msm8226.so from current namespace instead of sphal namespace.
01-04 11:07:53.812   414   423 D BootAnimation: BootAnimationShownTiming start time: 47665ms
01-04 11:07:53.889   414   423 D vndksupport: Loading /vendor/lib/hw/android.hardware.graphics.mapper@2.0-impl.so from current namespace instead of sphal namespace.
01-04 11:07:53.891   414   423 D vndksupport: Loading /vendor/lib/hw/gralloc.msm8226.so from current namespace instead of sphal namespace.
01-04 11:07:53.911   313   313 I SurfaceFlinger: Enter boot animation
01-04 11:07:53.923   313   313 E qdoverlay: Bad ov dump:  mdp_overlay z=0 fg=0 alpha=255 mask=-1 flags=0x220000 id=-1
01-04 11:07:53.923   313   313 E qdoverlay: src msmfb_img w=736 h=1280 format=13 MDP_RGBA_8888
01-04 11:07:53.923   313   313 E qdoverlay: src_rect mdp_rect x=0 y=0 w=720 h=1280
01-04 11:07:53.923   313   313 E qdoverlay: dst_rect mdp_rect x=0 y=0 w=720 h=1280
01-04 11:07:53.927   313   313 D qdutils : DEBUG_CALC_FPS: 0
01-04 11:07:53.927   313   313 D qdutils : period: 10
01-04 11:07:53.927   313   313 D qdutils : ignorethresh_us: 500000
01-04 11:08:12.659   260   260 I healthd : type=1400 audit(0.0:191): avc: denied { read } for name="type" dev="sysfs" ino=19681 scontext=u:r:healthd:s0 tcontext=u:object_r:sysfs:s0 tclass=file permissive=1
01-04 11:08:12.659   260   260 I healthd : type=1400 audit(0.0:191): avc: denied { open } for name="type" dev="sysfs" ino=19681 scontext=u:r:healthd:s0 tcontext=u:object_r:sysfs:s0 tclass=file permissive=1
01-04 11:08:52.407   290   296 E QMI_FW  : QMUXD: WARNING qmi_qmux_if_pwr_up_init failed! rc=-1
01-04 11:09:52.446   290   297 E QMI_FW  : QMUXD: WARNING qmi_qmux_if_pwr_up_init failed! rc=-1
01-04 11:10:52.487   290   297 E QMI_FW  : QMUXD: WARNING qmi_qmux_if_pwr_up_init failed! rc=-1
01-04 11:11:52.526   290   297 E QMI_FW  : QMUXD: WARNING qmi_qmux_if_pwr_up_init failed! rc=-1
01-04 11:12:52.565   290   296 E QMI_FW  : QMUXD: WARNING qmi_qmux_if_pwr_up_init failed! rc=-1
01-04 11:13:52.606   290   298 E QMI_FW  : QMUXD: WARNING qmi_qmux_if_pwr_up_init failed! rc=-1
01-04 11:14:52.645   290   302 E QMI_FW  : QMUXD: WARNING qmi_qmux_if_pwr_up_init failed! rc=-1
01-04 11:15:52.688   290   302 E QMI_FW  : QMUXD: WARNING qmi_qmux_if_pwr_up_init failed! rc=-1
01-04 11:16:52.733   290   296 E QMI_FW  : QMUXD: WARNING qmi_qmux_if_pwr_up_init failed! rc=-1
01-04 11:17:52.774   290   298 E QMI_FW  : QMUXD: WARNING qmi_qmux_if_pwr_up_init failed! rc=-1
